---
source: tests/it/wire/anthropic.rs
expression: rendered
---
{
  "method": "POST",
  "path": "/v1/messages",
  "headers": [
    [
      "accept",
      "*/*"
    ],
    [
      "anthropic-version",
      "2023-06-01"
    ],
    [
      "content-length",
      "706"
    ],
    [
      "content-type",
      "application/json"
    ],
    [
      "host",
      "[host]"
    ],
    [
      "user-agent",
      "[user-agent]"
    ],
    [
      "x-api-key",
      "[redacted]"
    ]
  ],
  "body": {
    "model": "claude-sonnet-4-6",
    "messages": [
      {
        "role": "user",
        "content": [
          {
            "type": "text",
            "text": "What is the weather in Paris?",
            "cache_control": {
              "type": "ephemeral"
            }
          }
        ]
      },
      {
        "role": "assistant",
        "content": [
          {
            "id": "rs_replay",
            "encrypted_content": "opaque-payload"
          },
          {
            "type": "tool_use",
            "id": "call_replay",
            "name": "get_weather",
            "input": {
              "city": "Paris"
            }
          }
        ]
      },
      {
        "role": "user",
        "content": [
          {
            "type": "tool_result",
            "tool_use_id": "call_replay",
            "content": "18C and clear",
            "is_error": false
          }
        ]
      }
    ],
    "max_tokens": 128,
    "tools": [
      {
        "name": "get_weather",
        "description": "Reads the current weather for a city",
        "input_schema": {
          "type": "object",
          "properties": {
            "city": {
              "type": "string"
            }
          },
          "required": [
            "city"
          ]
        },
        "cache_control": {
          "type": "ephemeral"
        }
      }
    ],
    "stream": false
  }
}
