---
source: tests/it/wire/openai_chat.rs
expression: rendered
---
{
  "kind": "authentication",
  "message": "provider compat Incorrect API key provided",
  "provider": "compat",
  "status": 401,
  "provider_code": "invalid_api_key",
  "retry": {
    "type": "never"
  },
  "raw_data": {
    "error": {
      "message": "Incorrect API key provided",
      "type": "invalid_request_error",
      "code": "invalid_api_key"
    }
  }
}
