---
source: tests/it/wire/anthropic.rs
expression: rendered
---
{
  "body": {
    "max_tokens": 128,
    "messages": [
      {
        "content": [
          {
            "text": "Chart last week's sales.",
            "type": "text"
          }
        ],
        "role": "user"
      },
      {
        "content": [
          {
            "id": "call_chart",
            "input": {
              "range": "7d"
            },
            "name": "render_chart",
            "type": "tool_use"
          }
        ],
        "role": "assistant"
      },
      {
        "content": [
          {
            "content": [
              {
                "text": "Here is the chart.",
                "type": "text"
              },
              {
                "source": {
                  "data": "Y2hhcnQtYnl0ZXM=",
                  "media_type": "image/png",
                  "type": "base64"
                },
                "type": "image"
              }
            ],
            "is_error": false,
            "tool_use_id": "call_chart",
            "type": "tool_result"
          }
        ],
        "role": "user"
      }
    ],
    "model": "claude-sonnet-4-6",
    "stream": false,
    "tools": [
      {
        "description": "Renders a chart",
        "input_schema": {
          "type": "object"
        },
        "name": "render_chart"
      }
    ]
  },
  "headers": [
    [
      "accept",
      "*/*"
    ],
    [
      "anthropic-version",
      "2023-06-01"
    ],
    [
      "content-length",
      "613"
    ],
    [
      "content-type",
      "application/json"
    ],
    [
      "host",
      "[host]"
    ],
    [
      "user-agent",
      "[user-agent]"
    ],
    [
      "x-api-key",
      "[redacted]"
    ]
  ],
  "method": "POST",
  "path": "/v1/messages"
}
