---
source: tests/it/wire/openai_responses.rs
expression: rendered
---
{
  "id": "resp_interleaved",
  "model": {
    "provider": "openai",
    "model": "gpt-5.6-luna"
  },
  "content": [
    {
      "type": "opaque",
      "kind": "openai.reasoning",
      "data": {
        "encrypted_content": "gAAAAAfirst-reasoning-state",
        "id": "rs_first",
        "summary": [],
        "type": "reasoning"
      }
    },
    {
      "type": "text",
      "text": "Checking now."
    },
    {
      "type": "opaque",
      "kind": "openai.message",
      "data": {
        "content": [
          {
            "annotations": [],
            "text": "Checking now.",
            "type": "output_text"
          }
        ],
        "id": "msg_interleaved",
        "role": "assistant",
        "status": "completed",
        "type": "message"
      }
    },
    {
      "type": "opaque",
      "kind": "openai.reasoning",
      "data": {
        "encrypted_content": "gAAAAAsecond-reasoning-state",
        "id": "rs_second",
        "summary": [],
        "type": "reasoning"
      }
    },
    {
      "type": "tool_call",
      "id": "call_weather",
      "name": "get_weather",
      "arguments": {
        "city": "Paris"
      },
      "kind": "function",
      "raw_arguments": "{\"city\":\"Paris\"}",
      "provider_metadata": {
        "openai": {
          "item_id": "fc_interleaved"
        }
      }
    }
  ],
  "finish_reason": "tool_call",
  "usage": {
    "input": 20,
    "output": 5,
    "reasoning": 4,
    "cache_read": 0,
    "cache_write": 0
  },
  "raw": {
    "id": "resp_interleaved",
    "model": "gpt-5.6-luna-2026-04-01",
    "object": "response",
    "output": [
      {
        "encrypted_content": "gAAAAAfirst-reasoning-state",
        "id": "rs_first",
        "summary": [],
        "type": "reasoning"
      },
      {
        "content": [
          {
            "annotations": [],
            "text": "Checking now.",
            "type": "output_text"
          }
        ],
        "id": "msg_interleaved",
        "role": "assistant",
        "status": "completed",
        "type": "message"
      },
      {
        "encrypted_content": "gAAAAAsecond-reasoning-state",
        "id": "rs_second",
        "summary": [],
        "type": "reasoning"
      },
      {
        "arguments": "{\"city\":\"Paris\"}",
        "call_id": "call_weather",
        "id": "fc_interleaved",
        "name": "get_weather",
        "status": "completed",
        "type": "function_call"
      }
    ],
    "status": "completed",
    "usage": {
      "input_tokens": 20,
      "input_tokens_details": {
        "cached_tokens": 0
      },
      "output_tokens": 9,
      "output_tokens_details": {
        "reasoning_tokens": 4
      },
      "total_tokens": 29
    }
  }
}
