---
source: tests/it/wire/openai_chat.rs
expression: rendered
---
{
  "body": {
    "max_tokens": 128,
    "messages": [
      {
        "content": "Write one sentence.",
        "role": "user"
      }
    ],
    "model": "vendor/compat-chat-v2",
    "stop": [
      "END",
      "STOP"
    ],
    "stream": false,
    "temperature": 0.7,
    "top_p": 0.9
  },
  "headers": [
    [
      "accept",
      "*/*"
    ],
    [
      "authorization",
      "[redacted]"
    ],
    [
      "content-length",
      "178"
    ],
    [
      "content-type",
      "application/json"
    ],
    [
      "host",
      "[host]"
    ],
    [
      "user-agent",
      "[user-agent]"
    ]
  ],
  "method": "POST",
  "path": "/v1/chat/completions"
}
