---
source: tests/it/wire/openai_responses.rs
expression: rendered
---
{
  "method": "POST",
  "path": "/v1/responses",
  "headers": [
    [
      "accept",
      "*/*"
    ],
    [
      "authorization",
      "[redacted]"
    ],
    [
      "content-length",
      "916"
    ],
    [
      "content-type",
      "application/json"
    ],
    [
      "host",
      "[host]"
    ],
    [
      "user-agent",
      "[user-agent]"
    ]
  ],
  "body": {
    "model": "gpt-5.6-luna-2026-04-01",
    "input": [
      {
        "role": "user",
        "content": [
          {
            "type": "input_text",
            "text": "What is the weather in Paris and Madrid?"
          }
        ]
      },
      {
        "role": "assistant",
        "content": [
          {
            "type": "output_text",
            "text": "Looking both up."
          }
        ]
      },
      {
        "type": "function_call",
        "call_id": "call_paris",
        "name": "get_weather",
        "arguments": "{\"city\":\"Paris\"}"
      },
      {
        "type": "function_call",
        "call_id": "call_madrid",
        "name": "get_weather",
        "arguments": "{\"city\":\"Madrid\"}"
      },
      {
        "type": "function_call_output",
        "call_id": "call_paris",
        "output": "18C and clear"
      },
      {
        "type": "function_call_output",
        "call_id": "call_madrid",
        "output": "the city is unknown",
        "status": "incomplete"
      }
    ],
    "stream": false,
    "store": false,
    "include": [
      "reasoning.encrypted_content"
    ],
    "max_output_tokens": 128,
    "tools": [
      {
        "type": "function",
        "name": "get_weather",
        "description": "Reads the current weather for a city",
        "parameters": {
          "type": "object",
          "properties": {
            "city": {
              "type": "string"
            }
          },
          "required": [
            "city"
          ]
        }
      }
    ]
  }
}
