---
source: tests/it/wire/openai_chat.rs
expression: rendered
---
[
  {
    "id": "chatcmpl-cost",
    "type": "started"
  },
  {
    "id": "block-0",
    "kind": {
      "type": "text"
    },
    "type": "content_block_start"
  },
  {
    "id": "block-0",
    "text": "ok",
    "type": "text_delta"
  },
  {
    "type": "usage",
    "usage": {
      "cache_read": 0,
      "cache_write": 0,
      "input": 4,
      "output": 2,
      "reasoning": 0
    }
  },
  {
    "id": "block-0",
    "part": {
      "text": "ok",
      "type": "text"
    },
    "type": "content_block_end"
  },
  {
    "response": {
      "content": [
        {
          "text": "ok",
          "type": "text"
        }
      ],
      "cost": {
        "source": "provider",
        "usd_micros": 250000
      },
      "finish_reason": "stop",
      "id": "chatcmpl-cost",
      "model": {
        "model": "compat-chat",
        "provider": "compat"
      },
      "usage": {
        "cache_read": 0,
        "cache_write": 0,
        "input": 4,
        "output": 2,
        "reasoning": 0
      }
    },
    "type": "ended"
  }
]
