---
source: tests/it/wire/anthropic.rs
expression: rendered
---
[
  {
    "type": "content_block_start",
    "id": "block-0",
    "kind": {
      "type": "reasoning"
    }
  },
  {
    "type": "reasoning_delta",
    "id": "block-0",
    "text": "EroBCkYIBBgCKkDx"
  },
  {
    "type": "content_block_end",
    "id": "block-0",
    "part": {
      "type": "reasoning",
      "text": "EroBCkYIBBgCKkDx",
      "redacted": true
    }
  },
  {
    "type": "usage",
    "usage": {
      "input": 0,
      "output": 14,
      "reasoning": 0,
      "cache_read": 0,
      "cache_write": 0
    }
  },
  {
    "type": "completed",
    "response": {
      "id": null,
      "model": {
        "provider": "anthropic",
        "model": "claude"
      },
      "content": [
        {
          "type": "reasoning",
          "text": "EroBCkYIBBgCKkDx",
          "redacted": true
        }
      ],
      "finish_reason": "stop",
      "usage": {
        "input": 0,
        "output": 14,
        "reasoning": 0,
        "cache_read": 0,
        "cache_write": 0
      }
    }
  }
]
