---
source: tests/it/wire/anthropic.rs
assertion_line: 1721
expression: rendered
---
[
  {
    "id": "block-0",
    "kind": {
      "type": "reasoning"
    },
    "type": "content_block_start"
  },
  {
    "id": "block-0",
    "part": {
      "redacted": true,
      "text": "EroBCkYIBBgCKkDx",
      "type": "reasoning"
    },
    "type": "content_block_end"
  },
  {
    "type": "usage",
    "usage": {
      "cache_read": 0,
      "cache_write": 0,
      "input": 0,
      "output": 14,
      "reasoning": 0
    }
  },
  {
    "response": {
      "content": [
        {
          "redacted": true,
          "text": "EroBCkYIBBgCKkDx",
          "type": "reasoning"
        }
      ],
      "finish_reason": "stop",
      "id": null,
      "model": {
        "model": "claude",
        "provider": "anthropic"
      },
      "usage": {
        "cache_read": 0,
        "cache_write": 0,
        "input": 0,
        "output": 14,
        "reasoning": 0
      }
    },
    "type": "completed"
  }
]
