---
source: tests/it/wire/anthropic.rs
expression: rendered
---
{
  "body": {
    "max_tokens": 128,
    "messages": [
      {
        "content": [
          {
            "text": "What is the weather in Paris?",
            "type": "text"
          }
        ],
        "role": "user"
      }
    ],
    "model": "claude-sonnet-4-6",
    "stream": false,
    "system": [
      {
        "cache_control": {
          "type": "ephemeral"
        },
        "text": "Use the tools when they help.",
        "type": "text"
      }
    ],
    "tool_choice": {
      "type": "auto"
    },
    "tools": [
      {
        "description": "Reads the current weather for a city",
        "input_schema": {
          "properties": {
            "city": {
              "type": "string"
            }
          },
          "required": [
            "city"
          ],
          "type": "object"
        },
        "name": "get_weather"
      },
      {
        "cache_control": {
          "type": "ephemeral"
        },
        "description": "Reads the current time in a time zone",
        "input_schema": {
          "properties": {
            "zone": {
              "type": "string"
            }
          },
          "required": [
            "zone"
          ],
          "type": "object"
        },
        "name": "get_time"
      }
    ]
  },
  "headers": [
    [
      "accept",
      "*/*"
    ],
    [
      "anthropic-version",
      "2023-06-01"
    ],
    [
      "content-length",
      "673"
    ],
    [
      "content-type",
      "application/json"
    ],
    [
      "host",
      "[host]"
    ],
    [
      "user-agent",
      "[user-agent]"
    ],
    [
      "x-api-key",
      "[redacted]"
    ]
  ],
  "method": "POST",
  "path": "/v1/messages"
}
