---
source: tests/it/wire/bedrock.rs
expression: rendered
---
[
  {
    "tool_choice": "unset",
    "toolConfig": {
      "tools": [
        {
          "toolSpec": {
            "name": "get_weather",
            "description": "Reads the current weather for a city",
            "inputSchema": {
              "json": {
                "type": "object",
                "properties": {
                  "city": {
                    "type": "string"
                  }
                },
                "required": [
                  "city"
                ]
              }
            }
          }
        },
        {
          "toolSpec": {
            "name": "get_time",
            "description": "Reads the current time in a time zone",
            "inputSchema": {
              "json": {
                "type": "object",
                "properties": {
                  "zone": {
                    "type": "string"
                  }
                },
                "required": [
                  "zone"
                ]
              }
            }
          }
        },
        {
          "cachePoint": {
            "type": "default"
          }
        }
      ]
    }
  },
  {
    "tool_choice": "auto",
    "toolConfig": {
      "tools": [
        {
          "toolSpec": {
            "name": "get_weather",
            "description": "Reads the current weather for a city",
            "inputSchema": {
              "json": {
                "type": "object",
                "properties": {
                  "city": {
                    "type": "string"
                  }
                },
                "required": [
                  "city"
                ]
              }
            }
          }
        },
        {
          "toolSpec": {
            "name": "get_time",
            "description": "Reads the current time in a time zone",
            "inputSchema": {
              "json": {
                "type": "object",
                "properties": {
                  "zone": {
                    "type": "string"
                  }
                },
                "required": [
                  "zone"
                ]
              }
            }
          }
        },
        {
          "cachePoint": {
            "type": "default"
          }
        }
      ]
    }
  },
  {
    "tool_choice": "none",
    "toolConfig": null
  },
  {
    "tool_choice": "required",
    "toolConfig": {
      "tools": [
        {
          "toolSpec": {
            "name": "get_weather",
            "description": "Reads the current weather for a city",
            "inputSchema": {
              "json": {
                "type": "object",
                "properties": {
                  "city": {
                    "type": "string"
                  }
                },
                "required": [
                  "city"
                ]
              }
            }
          }
        },
        {
          "toolSpec": {
            "name": "get_time",
            "description": "Reads the current time in a time zone",
            "inputSchema": {
              "json": {
                "type": "object",
                "properties": {
                  "zone": {
                    "type": "string"
                  }
                },
                "required": [
                  "zone"
                ]
              }
            }
          }
        },
        {
          "cachePoint": {
            "type": "default"
          }
        }
      ],
      "toolChoice": {
        "any": {}
      }
    }
  },
  {
    "tool_choice": "tool",
    "toolConfig": {
      "tools": [
        {
          "toolSpec": {
            "name": "get_weather",
            "description": "Reads the current weather for a city",
            "inputSchema": {
              "json": {
                "type": "object",
                "properties": {
                  "city": {
                    "type": "string"
                  }
                },
                "required": [
                  "city"
                ]
              }
            }
          }
        },
        {
          "toolSpec": {
            "name": "get_time",
            "description": "Reads the current time in a time zone",
            "inputSchema": {
              "json": {
                "type": "object",
                "properties": {
                  "zone": {
                    "type": "string"
                  }
                },
                "required": [
                  "zone"
                ]
              }
            }
          }
        },
        {
          "cachePoint": {
            "type": "default"
          }
        }
      ],
      "toolChoice": {
        "tool": {
          "name": "get_weather"
        }
      }
    }
  }
]
