---
source: tests/it/wire/systemone.rs
expression: rendered
---
{
  "answers": {
    "department": {
      "choice": "billing",
      "confidence": 1.0,
      "probabilities": {
        "billing": 1.0,
        "other": 0.0,
        "technical": 0.0
      },
      "type": "choice"
    },
    "requests_refund": {
      "probability": 0.99,
      "type": "boolean"
    },
    "severity": {
      "confidence": 0.46,
      "probabilities": [
        0.14,
        0.64,
        0.22
      ],
      "score": 1.08,
      "type": "score"
    }
  },
  "cost": {
    "source": "provider",
    "usd_micros": 17
  },
  "id": "gen-dec-1790122401-QZ7nXbT4kWm2Hs9LpR3c",
  "model": {
    "model": "jev-latest",
    "provider": "openrouter"
  },
  "provider_metadata": {
    "openrouter": {
      "provider": "TypeSafe"
    }
  },
  "raw": {
    "answers": {
      "department": {
        "choice": "billing",
        "confidence": 1,
        "probabilities": {
          "billing": 1,
          "other": 0,
          "technical": 0
        },
        "type": "choice"
      },
      "requests_refund": {
        "noul": 0.99,
        "type": "noul"
      },
      "severity": {
        "confidence": 0.46,
        "legend": {
          "0": "Cosmetic",
          "1": "Workaround exists",
          "2": "Blocking; no workaround"
        },
        "probabilities": {
          "0": 0.14,
          "1": 0.64,
          "2": 0.22
        },
        "score": 1.08,
        "type": "score"
      }
    },
    "id": "gen-dec-1790122401-QZ7nXbT4kWm2Hs9LpR3c",
    "model": "typesafe/jev-1.13-20260917",
    "provider": "TypeSafe",
    "usage": {
      "cost": 0.000017346,
      "input_tokens": 413,
      "output_tokens": 70
    }
  },
  "rounding": {
    "probability_decimals": 2,
    "score_decimals": 2
  },
  "served_by": "typesafe/jev-1.13-20260917",
  "usage": {
    "cache_read": 0,
    "cache_write": 0,
    "input": 413,
    "output": 70,
    "reasoning": 0
  }
}
