---
source: tests/it/wire/openai_chat.rs
expression: rendered
---
{
  "body": {
    "max_tokens": 128,
    "messages": [
      {
        "content": [
          {
            "cache_control": {
              "type": "ephemeral"
            },
            "text": "Is 91 prime?",
            "type": "text"
          }
        ],
        "role": "user"
      },
      {
        "content": "No, 91 is not prime.",
        "reasoning_content": "91 is 7 times 13.",
        "role": "assistant"
      },
      {
        "content": "What about 97?",
        "role": "user"
      }
    ],
    "model": "vendor/compat-chat-v2"
  },
  "headers": [
    [
      "accept",
      "*/*"
    ],
    [
      "authorization",
      "[redacted]"
    ],
    [
      "content-length",
      "303"
    ],
    [
      "content-type",
      "application/json"
    ],
    [
      "host",
      "[host]"
    ],
    [
      "user-agent",
      "[user-agent]"
    ]
  ],
  "method": "POST",
  "path": "/v1/chat/completions"
}
