---
source: tests/it/wire/gemini.rs
expression: rendered
---
[
  {
    "type": "started",
    "id": null
  },
  {
    "type": "content_block_start",
    "id": "text-0",
    "kind": {
      "type": "text"
    }
  },
  {
    "type": "text_delta",
    "id": "text-0",
    "text": "Partial"
  },
  {
    "type": "error",
    "error": {
      "kind": "rate_limit",
      "message": "provider gemini Resource has been exhausted (e.g. check quota).",
      "provider": "gemini",
      "provider_code": "RESOURCE_EXHAUSTED",
      "retry": {
        "type": "safe"
      },
      "raw_data": {
        "error": {
          "code": 429,
          "message": "Resource has been exhausted (e.g. check quota).",
          "status": "RESOURCE_EXHAUSTED"
        }
      }
    }
  }
]
