---
source: tests/it/wire/openai_responses.rs
expression: rendered
---
{
  "kind": "response_decode",
  "message": "provider openai returned an input token count with object response",
  "provider": "openai",
  "retry": {
    "type": "never"
  },
  "raw_data": {
    "input_tokens": 42,
    "object": "response"
  }
}
