---
source: tests/it/wire/openai_chat.rs
expression: rendered
---
{
  "body": {
    "max_tokens": 128,
    "messages": [
      {
        "content": [
          {
            "cache_control": {
              "type": "ephemeral"
            },
            "text": "What is the weather in Paris?",
            "type": "text"
          }
        ],
        "role": "user"
      },
      {
        "content": "Looking it up.",
        "reasoning_details": [
          {
            "data": "AQ==",
            "id": "rs-1",
            "type": "reasoning.encrypted"
          }
        ],
        "role": "assistant"
      },
      {
        "content": "Thanks.",
        "role": "user"
      }
    ],
    "model": "vendor/compat-chat-v2",
    "stream": false
  },
  "headers": [
    [
      "accept",
      "*/*"
    ],
    [
      "authorization",
      "[redacted]"
    ],
    [
      "content-length",
      "361"
    ],
    [
      "content-type",
      "application/json"
    ],
    [
      "host",
      "[host]"
    ],
    [
      "user-agent",
      "[user-agent]"
    ]
  ],
  "method": "POST",
  "path": "/v1/chat/completions"
}
