---
source: tests/it/wire/gemini.rs
expression: rendered
---
[
  {
    "id": "search-0-resp-gemini-ids",
    "input": {
      "type": "function",
      "value": "{\"query\":\"rust\"}"
    },
    "name": "search",
    "type": "tool_call"
  },
  {
    "text": "and then",
    "type": "text"
  },
  {
    "id": "search-1-resp-gemini-ids",
    "input": {
      "type": "function",
      "value": "{\"query\":\"gemini\"}"
    },
    "name": "search",
    "type": "tool_call"
  }
]
