---
source: tests/it/wire/openai_responses.rs
expression: rendered
---
{
  "id": "resp_raw",
  "model": {
    "provider": "openai",
    "model": "gpt-5.6-luna"
  },
  "content": [
    {
      "type": "text",
      "text": "Sunny."
    },
    {
      "type": "opaque",
      "kind": "openai.message",
      "data": {
        "type": "message",
        "id": "msg_raw",
        "role": "assistant",
        "content": [
          {
            "type": "output_text",
            "text": "Sunny."
          }
        ]
      }
    }
  ],
  "finish_reason": "stop",
  "usage": {
    "input": 5,
    "output": 2,
    "reasoning": 0,
    "cache_read": 0,
    "cache_write": 0
  },
  "raw": {
    "id": "resp_raw",
    "object": "response",
    "status": "completed",
    "model": "gpt-5.6-luna-2026-04-01",
    "service_tier": "default",
    "output": [
      {
        "type": "web_search_call",
        "id": "ws_1",
        "status": "completed"
      },
      {
        "type": "message",
        "id": "msg_raw",
        "role": "assistant",
        "content": [
          {
            "type": "output_text",
            "text": "Sunny."
          }
        ]
      }
    ],
    "usage": {
      "input_tokens": 5,
      "input_tokens_details": {
        "cached_tokens": 0
      },
      "output_tokens": 2,
      "output_tokens_details": {
        "reasoning_tokens": 0
      },
      "total_tokens": 7
    }
  }
}
