---
source: tests/it/wire/openai_responses.rs
expression: rendered
---
[
  {
    "type": "started",
    "id": "resp_keepalive"
  },
  {
    "type": "content_block_start",
    "id": "msg_keepalive",
    "kind": {
      "type": "text"
    }
  },
  {
    "type": "text_delta",
    "id": "msg_keepalive",
    "text": "Still here."
  },
  {
    "type": "content_block_end",
    "id": "msg_keepalive",
    "part": {
      "type": "text",
      "text": "Still here."
    }
  },
  {
    "type": "content_block_start",
    "id": "msg_keepalive-item",
    "kind": {
      "type": "opaque",
      "kind": "openai.message"
    }
  },
  {
    "type": "content_block_end",
    "id": "msg_keepalive-item",
    "part": {
      "type": "opaque",
      "kind": "openai.message",
      "data": {
        "type": "message",
        "id": "msg_keepalive",
        "status": "completed",
        "role": "assistant",
        "content": [
          {
            "type": "output_text",
            "text": "Still here."
          }
        ]
      }
    }
  },
  {
    "type": "usage",
    "usage": {
      "input": 0,
      "output": 0,
      "reasoning": 0,
      "cache_read": 0,
      "cache_write": 0
    }
  },
  {
    "type": "completed",
    "response": {
      "id": "resp_keepalive",
      "model": {
        "provider": "openai",
        "model": "gpt-5.6-luna"
      },
      "content": [
        {
          "type": "text",
          "text": "Still here."
        },
        {
          "type": "opaque",
          "kind": "openai.message",
          "data": {
            "type": "message",
            "id": "msg_keepalive",
            "status": "completed",
            "role": "assistant",
            "content": [
              {
                "type": "output_text",
                "text": "Still here."
              }
            ]
          }
        }
      ],
      "finish_reason": "stop",
      "usage": {
        "input": 0,
        "output": 0,
        "reasoning": 0,
        "cache_read": 0,
        "cache_write": 0
      },
      "raw": {
        "id": "resp_keepalive",
        "status": "completed",
        "output": []
      }
    }
  }
]
