---
source: tests/it/wire/openai_chat.rs
expression: rendered
---
{
  "method": "POST",
  "path": "/v1/chat/completions",
  "headers": [
    [
      "accept",
      "*/*"
    ],
    [
      "authorization",
      "[redacted]"
    ],
    [
      "content-length",
      "219"
    ],
    [
      "content-type",
      "application/json"
    ],
    [
      "host",
      "[host]"
    ],
    [
      "user-agent",
      "[user-agent]"
    ]
  ],
  "body": {
    "model": "vendor/compat-chat-v2",
    "messages": [
      {
        "role": "system",
        "content": [
          {
            "type": "text",
            "text": "Keep it short.",
            "cache_control": {
              "type": "ephemeral"
            }
          }
        ]
      },
      {
        "role": "user",
        "content": "Hello"
      }
    ],
    "stream": false,
    "max_tokens": 128
  }
}
