---
source: tests/it/wire/bedrock.rs
expression: rendered
---
{
  "method": "POST",
  "path": "/model/anthropic.claude-sonnet-4-6/converse",
  "headers": [
    [
      "accept",
      "*/*"
    ],
    [
      "authorization",
      "[redacted]"
    ],
    [
      "content-length",
      "368"
    ],
    [
      "content-type",
      "application/json"
    ],
    [
      "host",
      "[host]"
    ],
    [
      "user-agent",
      "[user-agent]"
    ]
  ],
  "body": {
    "messages": [
      {
        "role": "user",
        "content": [
          {
            "text": "What is the weather in Paris?"
          },
          {
            "cachePoint": {
              "type": "default"
            }
          }
        ]
      },
      {
        "role": "assistant",
        "content": [
          {
            "toolUse": {
              "toolUseId": "functions.get_weather:4",
              "name": "get_weather",
              "input": {
                "city": "Paris"
              }
            }
          }
        ]
      },
      {
        "role": "user",
        "content": [
          {
            "toolResult": {
              "toolUseId": "functions.get_weather:4",
              "content": [
                {
                  "text": "18C and clear"
                }
              ]
            }
          }
        ]
      }
    ]
  }
}
