---
source: tests/it/wire/anthropic.rs
expression: rendered
---
{
  "method": "POST",
  "path": "/v1/messages",
  "headers": [
    [
      "accept",
      "*/*"
    ],
    [
      "anthropic-version",
      "2023-06-01"
    ],
    [
      "content-length",
      "133"
    ],
    [
      "content-type",
      "application/json"
    ],
    [
      "host",
      "[host]"
    ],
    [
      "user-agent",
      "[user-agent]"
    ],
    [
      "x-api-key",
      "[redacted]"
    ]
  ],
  "body": {
    "max_tokens": 128,
    "messages": [
      {
        "content": [
          {
            "text": "Hello",
            "type": "text"
          }
        ],
        "role": "user"
      }
    ],
    "model": "claude-sonnet-4-6",
    "stream": false
  }
}
