---
source: tests/it/wire/openai_chat.rs
expression: rendered
---
{
  "method": "POST",
  "path": "/v1/chat/completions",
  "headers": [
    [
      "accept",
      "*/*"
    ],
    [
      "authorization",
      "[redacted]"
    ],
    [
      "content-length",
      "219"
    ],
    [
      "content-type",
      "application/json"
    ],
    [
      "host",
      "[host]"
    ],
    [
      "user-agent",
      "[user-agent]"
    ]
  ],
  "body": {
    "max_tokens": 128,
    "messages": [
      {
        "content": [
          {
            "cache_control": {
              "type": "ephemeral"
            },
            "text": "Keep it short.",
            "type": "text"
          }
        ],
        "role": "system"
      },
      {
        "content": "Hello",
        "role": "user"
      }
    ],
    "model": "vendor/compat-chat-v2",
    "stream": false
  }
}
