---
source: tests/it/wire/bedrock.rs
expression: rendered
---
{
  "method": "POST",
  "path": "/model/anthropic.claude-sonnet-4-6/converse",
  "headers": [
    [
      "accept",
      "*/*"
    ],
    [
      "authorization",
      "[redacted]"
    ],
    [
      "content-length",
      "685"
    ],
    [
      "content-type",
      "application/json"
    ],
    [
      "host",
      "[host]"
    ],
    [
      "user-agent",
      "[user-agent]"
    ]
  ],
  "body": {
    "messages": [
      {
        "role": "user",
        "content": [
          {
            "text": "What is the weather in Paris?"
          },
          {
            "cachePoint": {
              "type": "default"
            }
          }
        ]
      },
      {
        "role": "assistant",
        "content": [
          {
            "id": "rs_replay",
            "encrypted_content": "opaque-payload"
          },
          {
            "toolUse": {
              "toolUseId": "call_replay",
              "name": "get_weather",
              "input": {
                "city": "Paris"
              }
            }
          }
        ]
      },
      {
        "role": "user",
        "content": [
          {
            "toolResult": {
              "toolUseId": "call_replay",
              "content": [
                {
                  "text": "18C and clear"
                }
              ]
            }
          }
        ]
      }
    ],
    "toolConfig": {
      "tools": [
        {
          "toolSpec": {
            "name": "get_weather",
            "description": "Reads the current weather for a city",
            "inputSchema": {
              "json": {
                "type": "object",
                "properties": {
                  "city": {
                    "type": "string"
                  }
                },
                "required": [
                  "city"
                ]
              }
            }
          }
        },
        {
          "cachePoint": {
            "type": "default"
          }
        }
      ]
    },
    "inferenceConfig": {
      "maxTokens": 128
    }
  }
}
