---
source: tests/it/wire/openai_responses.rs
expression: rendered
---
[
  {
    "id": "resp_cut",
    "type": "started"
  },
  {
    "id": "msg_cut",
    "kind": {
      "type": "text"
    },
    "type": "content_block_start"
  },
  {
    "id": "msg_cut",
    "text": "Half a sen",
    "type": "text_delta"
  },
  {
    "id": "msg_cut",
    "part": {
      "text": "Half a sen",
      "type": "text"
    },
    "type": "content_block_end"
  },
  {
    "response": {
      "content": [
        {
          "text": "Half a sen",
          "type": "text"
        }
      ],
      "finish_reason": "incomplete",
      "id": "resp_cut",
      "model": {
        "model": "gpt-5.6-luna",
        "provider": "openai"
      },
      "usage": {
        "cache_read": 0,
        "cache_write": 0,
        "input": 0,
        "output": 0,
        "reasoning": 0
      }
    },
    "type": "completed"
  }
]
