---
source: tests/it/wire/openai_responses.rs
expression: rendered
---
{
  "method": "POST",
  "path": "/v1/responses",
  "headers": [
    [
      "accept",
      "*/*"
    ],
    [
      "authorization",
      "[redacted]"
    ],
    [
      "content-length",
      "716"
    ],
    [
      "content-type",
      "application/json"
    ],
    [
      "host",
      "[host]"
    ],
    [
      "user-agent",
      "[user-agent]"
    ]
  ],
  "body": {
    "model": "gpt-5.6-luna-2026-04-01",
    "input": [
      {
        "role": "user",
        "content": [
          {
            "type": "input_text",
            "text": "What is the weather in Paris?"
          }
        ]
      },
      {
        "type": "reasoning",
        "id": "rs_first",
        "summary": [],
        "encrypted_content": "gAAAAAfirst-reasoning-state"
      },
      {
        "type": "message",
        "id": "msg_interleaved",
        "status": "completed",
        "role": "assistant",
        "content": [
          {
            "type": "output_text",
            "text": "Checking now.",
            "annotations": []
          }
        ]
      },
      {
        "type": "reasoning",
        "id": "rs_second",
        "summary": [],
        "encrypted_content": "gAAAAAsecond-reasoning-state"
      },
      {
        "type": "function_call",
        "call_id": "call_weather",
        "name": "get_weather",
        "arguments": "{\"city\":\"Paris\"}",
        "id": "fc_interleaved"
      }
    ],
    "stream": false,
    "store": false,
    "include": [
      "reasoning.encrypted_content"
    ],
    "max_output_tokens": 128
  }
}
