---
source: tests/it/wire/openai_chat.rs
expression: rendered
---
{
  "kind": "quota_exceeded",
  "message": "provider compat You exceeded your current quota, please check your plan and billing details",
  "provider": "compat",
  "status": 429,
  "provider_code": "insufficient_quota",
  "retry": {
    "type": "never"
  },
  "raw_data": {
    "error": {
      "message": "You exceeded your current quota, please check your plan and billing details",
      "type": "insufficient_quota",
      "code": "insufficient_quota"
    }
  }
}
