---
source: tests/it/wire/anthropic.rs
expression: rendered
---
{
  "content": [
    {
      "text": "Looking it up.",
      "type": "text"
    },
    {
      "id": "toolu_01Weather",
      "input": {
        "type": "function",
        "value": "{\"city\":\"Paris\"}"
      },
      "name": "get_weather",
      "type": "tool_call"
    }
  ],
  "finish_reason": "tool_call",
  "id": "msg_01WireTool",
  "model": {
    "model": "claude",
    "provider": "anthropic"
  },
  "raw": {
    "content": [
      {
        "text": "Looking it up.",
        "type": "text"
      },
      {
        "id": "toolu_01Weather",
        "input": {
          "city": "Paris"
        },
        "name": "get_weather",
        "type": "tool_use"
      }
    ],
    "id": "msg_01WireTool",
    "model": "claude-sonnet-4-6",
    "role": "assistant",
    "stop_reason": "tool_use",
    "stop_sequence": null,
    "type": "message",
    "usage": {
      "input_tokens": 96,
      "output_tokens": 41
    }
  },
  "usage": {
    "cache_read": 0,
    "cache_write": 0,
    "input": 96,
    "output": 41,
    "reasoning": 0
  }
}
