---
source: tests/it/wire/bedrock.rs
expression: rendered
---
{
  "body": {
    "inferenceConfig": {
      "maxTokens": 128,
      "stopSequences": [
        "END",
        "STOP"
      ],
      "temperature": 0.7,
      "topP": 0.9
    },
    "messages": [
      {
        "content": [
          {
            "text": "Write one sentence."
          }
        ],
        "role": "user"
      }
    ]
  },
  "headers": [
    [
      "accept",
      "*/*"
    ],
    [
      "authorization",
      "[redacted]"
    ],
    [
      "content-length",
      "169"
    ],
    [
      "content-type",
      "application/json"
    ],
    [
      "host",
      "[host]"
    ],
    [
      "user-agent",
      "[user-agent]"
    ]
  ],
  "method": "POST",
  "path": "/model/anthropic.claude-sonnet-4-6/converse"
}
