---
source: tests/it/wire/gemini.rs
expression: rendered
---
{
  "kind": "content_filter",
  "message": "provider gemini blocked the prompt under its content policy (block reason SAFETY)",
  "provider": "gemini",
  "provider_code": "SAFETY",
  "raw_data": {
    "promptFeedback": {
      "blockReason": "SAFETY"
    }
  },
  "retry": {
    "type": "never"
  }
}
