---
source: tests/it/wire/bedrock.rs
expression: rendered
---
{
  "method": "POST",
  "path": "/model/anthropic.claude-sonnet-4-6/converse",
  "headers": [
    [
      "accept",
      "*/*"
    ],
    [
      "authorization",
      "[redacted]"
    ],
    [
      "content-length",
      "642"
    ],
    [
      "content-type",
      "application/json"
    ],
    [
      "host",
      "[host]"
    ],
    [
      "user-agent",
      "[user-agent]"
    ]
  ],
  "body": {
    "inferenceConfig": {
      "maxTokens": 128
    },
    "messages": [
      {
        "content": [
          {
            "text": "What is the weather in Paris?"
          }
        ],
        "role": "user"
      }
    ],
    "system": [
      {
        "text": "Use the tools when they help."
      },
      {
        "cachePoint": {
          "type": "default"
        }
      }
    ],
    "toolConfig": {
      "tools": [
        {
          "toolSpec": {
            "description": "Reads the current weather for a city",
            "inputSchema": {
              "json": {
                "properties": {
                  "city": {
                    "type": "string"
                  }
                },
                "required": [
                  "city"
                ],
                "type": "object"
              }
            },
            "name": "get_weather"
          }
        },
        {
          "toolSpec": {
            "description": "Reads the current time in a time zone",
            "inputSchema": {
              "json": {
                "properties": {
                  "zone": {
                    "type": "string"
                  }
                },
                "required": [
                  "zone"
                ],
                "type": "object"
              }
            },
            "name": "get_time"
          }
        },
        {
          "cachePoint": {
            "type": "default"
          }
        }
      ]
    }
  }
}
