---
source: tests/it/wire/openai_chat.rs
expression: rendered
---
{
  "method": "POST",
  "path": "/v1/chat/completions",
  "headers": [
    [
      "accept",
      "*/*"
    ],
    [
      "authorization",
      "[redacted]"
    ],
    [
      "content-length",
      "158"
    ],
    [
      "content-type",
      "application/json"
    ],
    [
      "host",
      "[host]"
    ],
    [
      "user-agent",
      "[user-agent]"
    ]
  ],
  "body": {
    "max_output_tokens": 256,
    "max_tokens": 128,
    "messages": [
      {
        "content": "Hello",
        "role": "user"
      }
    ],
    "model": "vendor/compat-chat-v2",
    "service_tier": "flex",
    "stream": false
  }
}
