---
source: tests/it/wire/bedrock.rs
expression: rendered
---
{
  "content": [
    {
      "text": "Looking that up.",
      "type": "text"
    },
    {
      "arguments": {
        "city": "Paris"
      },
      "id": "tooluse_paris",
      "kind": "function",
      "name": "get_weather",
      "type": "tool_call"
    }
  ],
  "finish_reason": "tool_call",
  "id": null,
  "model": {
    "model": "sonnet",
    "provider": "bedrock"
  },
  "raw": {
    "output": {
      "message": {
        "content": [
          {
            "text": "Looking that up."
          },
          {
            "toolUse": {
              "input": {
                "city": "Paris"
              },
              "name": "get_weather",
              "toolUseId": "tooluse_paris"
            }
          }
        ],
        "role": "assistant"
      }
    },
    "stopReason": "tool_use",
    "usage": {
      "inputTokens": 40,
      "outputTokens": 22,
      "totalTokens": 62
    }
  },
  "usage": {
    "cache_read": 0,
    "cache_write": 0,
    "input": 40,
    "output": 22,
    "reasoning": 0
  }
}
