---
source: tests/it/wire/openai_chat.rs
expression: rendered
---
{
  "id": "chatcmpl-details",
  "model": {
    "provider": "compat",
    "model": "compat-chat"
  },
  "content": [
    {
      "type": "opaque",
      "kind": "openai_compatible.reasoning_details",
      "data": [
        {
          "type": "reasoning.encrypted",
          "id": "rs-1",
          "data": "AQ==",
          "index": 0
        },
        {
          "type": "reasoning.text",
          "text": "Two cities to look up.",
          "index": 1
        }
      ]
    },
    {
      "type": "text",
      "text": "Hello."
    }
  ],
  "finish_reason": "stop",
  "usage": {
    "input": 11,
    "output": 5,
    "reasoning": 0,
    "cache_read": 0,
    "cache_write": 0
  },
  "raw": {
    "id": "chatcmpl-details",
    "choices": [
      {
        "index": 0,
        "message": {
          "role": "assistant",
          "content": "Hello.",
          "reasoning_details": [
            {
              "type": "reasoning.encrypted",
              "id": "rs-1",
              "data": "AQ==",
              "index": 0
            },
            {
              "type": "reasoning.text",
              "text": "Two cities to look up.",
              "index": 1
            }
          ]
        },
        "finish_reason": "stop"
      }
    ],
    "usage": {
      "prompt_tokens": 11,
      "completion_tokens": 5
    }
  }
}
