---
source: tests/it/wire/bedrock.rs
expression: rendered
---
{
  "body": {
    "input": {
      "converse": {
        "messages": [
          {
            "content": [
              {
                "text": "What is the capital of France?"
              },
              {
                "cachePoint": {
                  "type": "default"
                }
              }
            ],
            "role": "user"
          },
          {
            "content": [
              {
                "text": "Paris."
              }
            ],
            "role": "assistant"
          },
          {
            "content": [
              {
                "text": "And of Spain?"
              }
            ],
            "role": "user"
          }
        ],
        "system": [
          {
            "text": "Keep it short."
          },
          {
            "cachePoint": {
              "type": "default"
            }
          }
        ]
      }
    }
  },
  "headers": [
    [
      "accept",
      "*/*"
    ],
    [
      "authorization",
      "[redacted]"
    ],
    [
      "content-length",
      "316"
    ],
    [
      "content-type",
      "application/json"
    ],
    [
      "host",
      "[host]"
    ],
    [
      "user-agent",
      "[user-agent]"
    ]
  ],
  "method": "POST",
  "path": "/model/anthropic.claude-sonnet-4-6/count-tokens"
}
