---
source: tests/it/wire/openai_responses.rs
expression: rendered
---
{
  "content": [
    {
      "text": "All done.",
      "type": "text"
    },
    {
      "data": {
        "content": [
          {
            "annotations": [],
            "text": "All done.",
            "type": "output_text"
          }
        ],
        "id": "msg_internal",
        "role": "assistant",
        "status": "completed",
        "type": "message"
      },
      "kind": "openai.message",
      "type": "opaque"
    }
  ],
  "finish_reason": "stop",
  "id": "resp_internal",
  "model": {
    "model": "gpt-5.6-luna",
    "provider": "openai"
  },
  "raw": {
    "id": "resp_internal",
    "model": "gpt-5.6-luna-2026-04-01",
    "object": "response",
    "output": [
      {
        "arguments": "{}",
        "call_id": "call_internal",
        "id": "fc_internal",
        "name": "",
        "status": "completed",
        "type": "function_call"
      },
      {
        "content": [
          {
            "annotations": [],
            "text": "All done.",
            "type": "output_text"
          }
        ],
        "id": "msg_internal",
        "role": "assistant",
        "status": "completed",
        "type": "message"
      }
    ],
    "status": "completed"
  },
  "usage": {
    "cache_read": 0,
    "cache_write": 0,
    "input": 0,
    "output": 0,
    "reasoning": 0
  }
}
