---
source: tests/it/wire/openai_chat.rs
expression: rendered
---
{
  "content": [
    {
      "data": [
        {
          "data": "AQ==",
          "id": "rs-1",
          "index": 0,
          "type": "reasoning.encrypted"
        },
        {
          "index": 1,
          "text": "Two cities to look up.",
          "type": "reasoning.text"
        }
      ],
      "kind": "openai_compatible.reasoning_details",
      "type": "opaque"
    },
    {
      "text": "Hello.",
      "type": "text"
    }
  ],
  "finish_reason": "stop",
  "id": "chatcmpl-details",
  "model": {
    "model": "compat-chat",
    "provider": "compat"
  },
  "raw": {
    "choices": [
      {
        "finish_reason": "stop",
        "index": 0,
        "message": {
          "content": "Hello.",
          "reasoning_details": [
            {
              "data": "AQ==",
              "id": "rs-1",
              "index": 0,
              "type": "reasoning.encrypted"
            },
            {
              "index": 1,
              "text": "Two cities to look up.",
              "type": "reasoning.text"
            }
          ],
          "role": "assistant"
        }
      }
    ],
    "id": "chatcmpl-details",
    "usage": {
      "completion_tokens": 5,
      "prompt_tokens": 11
    }
  },
  "usage": {
    "cache_read": 0,
    "cache_write": 0,
    "input": 11,
    "output": 5,
    "reasoning": 0
  }
}
