---
source: tests/it/wire/openai_chat.rs
expression: rendered
---
{
  "kind": "access_denied",
  "message": "provider compat Your account has been deactivated",
  "provider": "compat",
  "status": 403,
  "provider_code": "account_deactivated",
  "retry": {
    "type": "never"
  },
  "raw_data": {
    "error": {
      "message": "Your account has been deactivated",
      "type": "invalid_request_error",
      "code": "account_deactivated"
    }
  }
}
