---
source: tests/it/wire/anthropic.rs
expression: rendered
---
[
  {
    "id": "msg_01WireRefusal",
    "type": "started"
  },
  {
    "type": "usage",
    "usage": {
      "cache_read": 0,
      "cache_write": 0,
      "input": 19,
      "output": 0,
      "reasoning": 0
    }
  },
  {
    "error": {
      "kind": "content_filter",
      "message": "provider anthropic refused the request: This asks for working malware.",
      "provider": "anthropic",
      "provider_code": "refusal",
      "raw_data": {
        "delta": {
          "stop_details": {
            "explanation": "This asks for working malware.",
            "type": "refusal"
          },
          "stop_reason": "refusal"
        },
        "type": "message_delta",
        "usage": {
          "output_tokens": 3
        }
      },
      "retry": {
        "type": "never"
      }
    },
    "type": "error"
  }
]
