---
source: tests/it/wire/gemini.rs
expression: rendered
---
{
  "method": "POST",
  "path": "/v1beta/models/gemini-2.5-pro-002:generateContent",
  "headers": [
    [
      "accept",
      "*/*"
    ],
    [
      "content-length",
      "242"
    ],
    [
      "content-type",
      "application/json"
    ],
    [
      "host",
      "[host]"
    ],
    [
      "user-agent",
      "[user-agent]"
    ],
    [
      "x-goog-api-key",
      "[redacted]"
    ]
  ],
  "body": {
    "contents": [
      {
        "role": "user",
        "parts": [
          {
            "text": "Hello"
          }
        ]
      }
    ],
    "generationConfig": {
      "maxOutputTokens": 128
    },
    "max_output_tokens": 256,
    "service_tier": "flex",
    "safetySettings": [
      {
        "category": "HARM_CATEGORY_DANGEROUS_CONTENT",
        "threshold": "BLOCK_ONLY_HIGH"
      }
    ]
  }
}
