---
source: tests/it/wire/anthropic.rs
expression: rendered
---
{
  "method": "POST",
  "path": "/v1/messages",
  "headers": [
    [
      "accept",
      "*/*"
    ],
    [
      "anthropic-version",
      "2023-06-01"
    ],
    [
      "content-length",
      "201"
    ],
    [
      "content-type",
      "application/json"
    ],
    [
      "host",
      "[host]"
    ],
    [
      "user-agent",
      "[user-agent]"
    ],
    [
      "x-api-key",
      "[redacted]"
    ]
  ],
  "body": {
    "model": "claude-sonnet-4-6",
    "messages": [
      {
        "role": "user",
        "content": [
          {
            "type": "text",
            "text": "Plan a trip to Paris."
          }
        ]
      }
    ],
    "thinking": {
      "type": "enabled",
      "budget_tokens": 6000
    },
    "max_tokens": 8000,
    "stream": false
  }
}
