---
source: tests/it/wire/anthropic.rs
expression: rendered
---
[
  {
    "type": "started",
    "id": "msg_01WireRaw"
  },
  {
    "type": "usage",
    "usage": {
      "input": 8,
      "output": 0,
      "reasoning": 0,
      "cache_read": 0,
      "cache_write": 0
    }
  },
  {
    "type": "content_block_start",
    "id": "block-0",
    "kind": {
      "type": "text"
    }
  },
  {
    "type": "text_delta",
    "id": "block-0",
    "text": "Hi"
  },
  {
    "type": "content_block_end",
    "id": "block-0",
    "part": {
      "type": "text",
      "text": "Hi"
    }
  },
  {
    "type": "usage",
    "usage": {
      "input": 8,
      "output": 2,
      "reasoning": 0,
      "cache_read": 0,
      "cache_write": 0
    }
  },
  {
    "type": "completed",
    "response": {
      "id": "msg_01WireRaw",
      "model": {
        "provider": "anthropic",
        "model": "claude"
      },
      "content": [
        {
          "type": "text",
          "text": "Hi"
        }
      ],
      "finish_reason": "stop",
      "usage": {
        "input": 8,
        "output": 2,
        "reasoning": 0,
        "cache_read": 0,
        "cache_write": 0
      }
    }
  }
]
