---
source: tests/it/wire/gemini.rs
expression: rendered
---
{
  "body": {
    "contents": [
      {
        "parts": [
          {
            "text": "What is the weather in Paris?"
          }
        ],
        "role": "user"
      },
      {
        "parts": [
          {
            "encrypted_content": "opaque-payload",
            "id": "rs_replay"
          },
          {
            "functionCall": {
              "args": {
                "city": "Paris"
              },
              "id": "call_replay",
              "name": "get_weather"
            }
          }
        ],
        "role": "model"
      },
      {
        "parts": [
          {
            "functionResponse": {
              "id": "call_replay",
              "name": "get_weather",
              "response": {
                "output": "18C and clear"
              }
            }
          }
        ],
        "role": "user"
      }
    ],
    "generationConfig": {
      "maxOutputTokens": 128
    },
    "safetySettings": [
      {
        "category": "HARM_CATEGORY_DANGEROUS_CONTENT",
        "threshold": "BLOCK_ONLY_HIGH"
      }
    ],
    "tools": [
      {
        "functionDeclarations": [
          {
            "description": "Reads the current weather for a city",
            "name": "get_weather",
            "parametersJsonSchema": {
              "properties": {
                "city": {
                  "type": "string"
                }
              },
              "required": [
                "city"
              ],
              "type": "object"
            }
          }
        ]
      }
    ]
  },
  "headers": [
    [
      "accept",
      "*/*"
    ],
    [
      "content-length",
      "727"
    ],
    [
      "content-type",
      "application/json"
    ],
    [
      "host",
      "[host]"
    ],
    [
      "user-agent",
      "[user-agent]"
    ],
    [
      "x-goog-api-key",
      "[redacted]"
    ]
  ],
  "method": "POST",
  "path": "/v1beta/models/gemini-3.1-pro-002:generateContent"
}
