---
source: tests/it/wire/gemini.rs
expression: rendered
---
{
  "body": {
    "generateContentRequest": {
      "contents": [
        {
          "parts": [
            {
              "text": "What is the weather in Paris?"
            }
          ],
          "role": "user"
        }
      ],
      "generationConfig": {
        "maxOutputTokens": 128
      },
      "model": "models/gemini-3.1-pro-002",
      "safetySettings": [
        {
          "category": "HARM_CATEGORY_DANGEROUS_CONTENT",
          "threshold": "BLOCK_ONLY_HIGH"
        }
      ],
      "systemInstruction": {
        "parts": [
          {
            "text": "Use the tools when they help."
          }
        ]
      },
      "tools": [
        {
          "functionDeclarations": [
            {
              "description": "Reads the current weather for a city",
              "name": "get_weather",
              "parametersJsonSchema": {
                "properties": {
                  "city": {
                    "type": "string"
                  }
                },
                "required": [
                  "city"
                ],
                "type": "object"
              }
            },
            {
              "description": "Reads the current time in a time zone",
              "name": "get_time",
              "parametersJsonSchema": {
                "properties": {
                  "zone": {
                    "type": "string"
                  }
                },
                "required": [
                  "zone"
                ],
                "type": "object"
              }
            }
          ]
        }
      ]
    }
  },
  "headers": [
    [
      "accept",
      "*/*"
    ],
    [
      "content-length",
      "745"
    ],
    [
      "content-type",
      "application/json"
    ],
    [
      "host",
      "[host]"
    ],
    [
      "user-agent",
      "[user-agent]"
    ],
    [
      "x-goog-api-key",
      "[redacted]"
    ]
  ],
  "method": "POST",
  "path": "/v1beta/models/gemini-3.1-pro-002:countTokens"
}
