---
source: tests/it/wire/gemini.rs
expression: rendered
---
[
  {
    "arguments": {
      "query": "rust"
    },
    "id": "search-0-resp-gemini-ids",
    "kind": "function",
    "name": "search",
    "type": "tool_call"
  },
  {
    "text": "and then",
    "type": "text"
  },
  {
    "arguments": {
      "query": "gemini"
    },
    "id": "search-1-resp-gemini-ids",
    "kind": "function",
    "name": "search",
    "type": "tool_call"
  }
]
