---
source: tests/it/wire/bedrock.rs
expression: rendered
---
[
  {
    "type": "started",
    "id": null
  },
  {
    "type": "content_block_start",
    "id": "block-0",
    "kind": {
      "type": "text"
    }
  },
  {
    "type": "text_delta",
    "id": "block-0",
    "text": "Chec"
  },
  {
    "type": "error",
    "error": {
      "kind": "rate_limit",
      "message": "provider bedrock Too many requests, please wait before trying again.",
      "provider": "bedrock",
      "provider_code": "ThrottlingException",
      "retry": {
        "type": "safe"
      },
      "raw_data": {
        "__type": "com.amazon.bedrock#ThrottlingException",
        "message": "Too many requests, please wait before trying again."
      }
    }
  }
]
