---
source: tests/it/wire/anthropic.rs
expression: rendered
---
{
  "method": "POST",
  "path": "/v1/messages",
  "headers": [
    [
      "accept",
      "*/*"
    ],
    [
      "anthropic-version",
      "2023-06-01"
    ],
    [
      "content-length",
      "335"
    ],
    [
      "content-type",
      "application/json"
    ],
    [
      "host",
      "[host]"
    ],
    [
      "user-agent",
      "[user-agent]"
    ],
    [
      "x-api-key",
      "[redacted]"
    ]
  ],
  "body": {
    "model": "claude-sonnet-4-6",
    "messages": [
      {
        "role": "user",
        "content": [
          {
            "type": "text",
            "text": "Describe both attachments."
          },
          {
            "type": "image",
            "source": {
              "type": "url",
              "url": "https://example.com/cat.png"
            }
          },
          {
            "type": "document",
            "source": {
              "type": "url",
              "url": "https://example.com/report.pdf"
            },
            "title": "report.pdf"
          }
        ]
      }
    ],
    "max_tokens": 128,
    "stream": false
  }
}
