---
source: tests/it/wire/openai_responses.rs
expression: rendered
---
{
  "method": "POST",
  "path": "/v1/responses",
  "headers": [
    [
      "accept",
      "*/*"
    ],
    [
      "authorization",
      "[redacted]"
    ],
    [
      "content-length",
      "403"
    ],
    [
      "content-type",
      "application/json"
    ],
    [
      "host",
      "[host]"
    ],
    [
      "user-agent",
      "[user-agent]"
    ]
  ],
  "body": {
    "model": "gpt-5.6-luna-2026-04-01",
    "input": [
      {
        "role": "user",
        "content": [
          {
            "type": "input_text",
            "text": "Describe both attachments."
          },
          {
            "type": "input_image",
            "image_url": "data:image/png;base64,aW1hZ2UtYnl0ZXM="
          },
          {
            "type": "input_file",
            "file_data": "data:application/pdf;base64,cGRmLWJ5dGVz",
            "filename": "report.pdf"
          }
        ]
      }
    ],
    "stream": false,
    "store": false,
    "include": [
      "reasoning.encrypted_content"
    ],
    "max_output_tokens": 128
  }
}
