---
source: tests/it/wire/bedrock.rs
expression: rendered
---
{
  "method": "POST",
  "path": "/model/anthropic.claude-sonnet-4-6/converse",
  "headers": [
    [
      "accept",
      "*/*"
    ],
    [
      "authorization",
      "[redacted]"
    ],
    [
      "content-length",
      "141"
    ],
    [
      "content-type",
      "application/json"
    ],
    [
      "host",
      "[host]"
    ],
    [
      "user-agent",
      "[user-agent]"
    ]
  ],
  "body": {
    "inferenceConfig": {
      "maxTokens": 128
    },
    "max_output_tokens": 256,
    "messages": [
      {
        "content": [
          {
            "text": "Hello"
          }
        ],
        "role": "user"
      }
    ],
    "service_tier": "flex"
  }
}
