---
source: tests/it/wire/openai_chat.rs
expression: rendered
---
[
  {
    "type": "started",
    "id": "chatcmpl-stream"
  },
  {
    "type": "content_block_start",
    "id": "reasoning-details-0",
    "kind": {
      "type": "opaque",
      "kind": "openai_compatible.reasoning_details"
    }
  },
  {
    "type": "content_block_start",
    "id": "block-0",
    "kind": {
      "type": "text"
    }
  },
  {
    "type": "text_delta",
    "id": "block-0",
    "text": "Hello."
  },
  {
    "type": "content_block_end",
    "id": "reasoning-details-0",
    "part": {
      "type": "opaque",
      "kind": "openai_compatible.reasoning_details",
      "data": [
        {
          "type": "reasoning.text",
          "index": 0,
          "text": "Two cities to look up."
        },
        {
          "type": "reasoning.text",
          "index": 1,
          "text": "and one time zone.",
          "signature": "sig-1"
        }
      ]
    }
  },
  {
    "type": "content_block_end",
    "id": "block-0",
    "part": {
      "type": "text",
      "text": "Hello."
    }
  },
  {
    "type": "completed",
    "response": {
      "id": "chatcmpl-stream",
      "model": {
        "provider": "compat",
        "model": "compat-chat"
      },
      "content": [
        {
          "type": "opaque",
          "kind": "openai_compatible.reasoning_details",
          "data": [
            {
              "type": "reasoning.text",
              "index": 0,
              "text": "Two cities to look up."
            },
            {
              "type": "reasoning.text",
              "index": 1,
              "text": "and one time zone.",
              "signature": "sig-1"
            }
          ]
        },
        {
          "type": "text",
          "text": "Hello."
        }
      ],
      "finish_reason": "stop",
      "usage": {
        "input": 0,
        "output": 0,
        "reasoning": 0,
        "cache_read": 0,
        "cache_write": 0
      }
    }
  }
]
