---
source: tests/it/wire/openai_chat.rs
expression: rendered
---
{
  "kind": "rate_limit",
  "message": "provider compat Rate limit reached for requests",
  "provider": "compat",
  "status": 429,
  "provider_code": "rate_limit_exceeded",
  "retry": {
    "type": "after",
    "after_millis": "[COUNTDOWN]"
  },
  "raw_data": {
    "error": {
      "message": "Rate limit reached for requests",
      "type": "rate_limit_error",
      "code": "rate_limit_exceeded"
    }
  }
}
