---
source: tests/it/wire/openai_chat.rs
expression: rendered
---
{
  "id": "chatcmpl-raw",
  "model": {
    "provider": "compat",
    "model": "compat-chat"
  },
  "content": [
    {
      "type": "text",
      "text": "ok"
    }
  ],
  "finish_reason": "stop",
  "usage": {
    "input": 4,
    "output": 2,
    "reasoning": 0,
    "cache_read": 0,
    "cache_write": 0
  },
  "raw": {
    "id": "chatcmpl-raw",
    "provider": "Fireworks",
    "choices": [
      {
        "index": 0,
        "message": {
          "role": "assistant",
          "content": "ok"
        },
        "finish_reason": "stop",
        "native_finish_reason": "eos"
      }
    ],
    "usage": {
      "prompt_tokens": 4,
      "completion_tokens": 2,
      "cost_details": {
        "upstream_inference_cost": 0.5
      },
      "prompt_tokens_details": {
        "audio_tokens": 3
      }
    }
  }
}
