---
source: tests/it/wire/anthropic.rs
expression: rendered
---
[
  {
    "type": "started",
    "id": "msg_01WireFail"
  },
  {
    "type": "usage",
    "usage": {
      "input": 8,
      "output": 0,
      "reasoning": 0,
      "cache_read": 0,
      "cache_write": 0
    }
  },
  {
    "type": "content_block_start",
    "id": "block-0",
    "kind": {
      "type": "text"
    }
  },
  {
    "type": "text_delta",
    "id": "block-0",
    "text": "Partial"
  },
  {
    "type": "error",
    "error": {
      "kind": "server",
      "message": "provider anthropic Overloaded",
      "provider": "anthropic",
      "provider_code": "overloaded_error",
      "retry": {
        "type": "safe"
      },
      "raw_data": {
        "type": "error",
        "error": {
          "type": "overloaded_error",
          "message": "Overloaded"
        }
      }
    }
  }
]
