---
source: tests/it/wire/bedrock.rs
expression: rendered
---
[
  {
    "id": null,
    "type": "started"
  },
  {
    "id": "block-0",
    "kind": {
      "type": "text"
    },
    "type": "content_block_start"
  },
  {
    "id": "block-0",
    "text": "Chec",
    "type": "text_delta"
  },
  {
    "error": {
      "kind": "server",
      "message": "provider bedrock The model stopped responding mid-stream.",
      "provider": "bedrock",
      "provider_code": "ModelStreamErrorException",
      "raw_data": {},
      "retry": {
        "type": "safe"
      }
    },
    "type": "error"
  }
]
