---
source: tests/it/wire/bedrock.rs
expression: rendered
---
[
  {
    "type": "started",
    "id": null
  },
  {
    "type": "error",
    "error": {
      "kind": "content_filter",
      "message": "provider bedrock refused the request",
      "provider": "bedrock",
      "provider_code": "refusal",
      "retry": {
        "type": "never"
      },
      "raw_data": {
        "stopReason": "refusal"
      }
    }
  }
]
