---
source: tests/it/wire/anthropic.rs
expression: rendered
---
{
  "body": {
    "max_tokens": 128,
    "messages": [
      {
        "content": [
          {
            "text": "First",
            "type": "text"
          }
        ],
        "role": "user"
      },
      {
        "content": [
          {
            "text": "Answer",
            "type": "text"
          }
        ],
        "role": "assistant"
      },
      {
        "content": [
          {
            "text": "Second",
            "type": "text"
          }
        ],
        "role": "user"
      },
      {
        "content": [
          {
            "text": "Answer",
            "type": "text"
          }
        ],
        "role": "assistant"
      },
      {
        "content": [
          {
            "text": "Third",
            "type": "text"
          }
        ],
        "role": "user"
      }
    ],
    "model": "claude-sonnet-4-6",
    "stream": false,
    "system": "Keep it short.",
    "tools": [
      {
        "description": "Reads the current weather for a city",
        "input_schema": {
          "properties": {
            "city": {
              "type": "string"
            }
          },
          "required": [
            "city"
          ],
          "type": "object"
        },
        "name": "get_weather"
      }
    ]
  },
  "headers": [
    [
      "accept",
      "*/*"
    ],
    [
      "anthropic-version",
      "2023-06-01"
    ],
    [
      "content-length",
      "587"
    ],
    [
      "content-type",
      "application/json"
    ],
    [
      "host",
      "[host]"
    ],
    [
      "user-agent",
      "[user-agent]"
    ],
    [
      "x-api-key",
      "[redacted]"
    ]
  ],
  "method": "POST",
  "path": "/v1/messages"
}
