---
source: tests/it/wire/anthropic.rs
expression: rendered
---
{
  "method": "POST",
  "path": "/v1/messages",
  "headers": [
    [
      "accept",
      "*/*"
    ],
    [
      "anthropic-version",
      "2023-06-01"
    ],
    [
      "content-length",
      "375"
    ],
    [
      "content-type",
      "application/json"
    ],
    [
      "host",
      "[host]"
    ],
    [
      "user-agent",
      "[user-agent]"
    ],
    [
      "x-api-key",
      "[redacted]"
    ]
  ],
  "body": {
    "model": "claude-sonnet-4-6",
    "messages": [
      {
        "role": "user",
        "content": [
          {
            "type": "text",
            "text": "Give me the city and its population."
          }
        ]
      }
    ],
    "max_tokens": 128,
    "output_config": {
      "format": {
        "type": "json_schema",
        "schema": {
          "type": "object",
          "additionalProperties": false,
          "properties": {
            "city": {
              "type": "string"
            },
            "population": {
              "type": "integer"
            }
          },
          "required": [
            "city",
            "population"
          ]
        }
      }
    },
    "stream": false
  }
}
